2025-12-12 11:51:36,394 INFO o.h.v.i.u.Version [background-preinit] HV000001: Hibernate Validator 8.0.3.Final
2025-12-12 11:51:36,490 INFO o.s.b.StartupInfoLogger [main] Starting RefIqPlatformApplication using Java 21.0.9 with PID 2368 (C:\Users\Windows 11\Documents\Programacion\RefIQ\platform\platform\target\classes started by Windows 11 in C:\Users\Windows 11\Documents\Programacion\RefIQ\platform)
2025-12-12 11:51:36,491 DEBUG o.s.b.StartupInfoLogger [main] Running with Spring Boot v3.4.12, Spring v6.2.14
2025-12-12 11:51:36,493 INFO o.s.b.SpringApplication [main] The following 1 profile is active: "dev"
2025-12-12 11:51:37,669 INFO o.s.d.r.c.RepositoryConfigurationDelegate [main] Bootstrapping Spring Data JPA repositories in DEFAULT mode.
2025-12-12 11:51:37,772 INFO o.s.d.r.c.RepositoryConfigurationDelegate [main] Finished Spring Data repository scanning in 89 ms. Found 1 JPA repository interface.
2025-12-12 11:51:38,665 INFO o.s.b.w.e.t.TomcatWebServer [main] Tomcat initialized with port 8080 (http)
2025-12-12 11:51:38,682 INFO o.a.j.l.DirectJDKLog [main] Initializing ProtocolHandler ["http-nio-8080"]
2025-12-12 11:51:38,686 INFO o.a.j.l.DirectJDKLog [main] Starting service [Tomcat]
2025-12-12 11:51:38,686 INFO o.a.j.l.DirectJDKLog [main] Starting Servlet engine: [Apache Tomcat/10.1.49]
2025-12-12 11:51:38,767 INFO o.a.j.l.DirectJDKLog [main] Initializing Spring embedded WebApplicationContext
2025-12-12 11:51:38,769 INFO o.s.b.w.s.c.ServletWebServerApplicationContext [main] Root WebApplicationContext: initialization completed in 2195 ms
2025-12-12 11:51:39,028 INFO o.h.j.i.u.LogHelper [main] HHH000204: Processing PersistenceUnitInfo [name: default]
2025-12-12 11:51:39,132 INFO o.h.Version [main] HHH000412: Hibernate ORM core version 6.6.36.Final
2025-12-12 11:51:39,188 INFO o.h.c.i.RegionFactoryInitiator [main] HHH000026: Second-level cache disabled
2025-12-12 11:51:39,619 INFO o.s.o.j.p.SpringPersistenceUnitInfo [main] No LoadTimeWeaver setup: ignoring JPA class transformer
2025-12-12 11:51:39,665 INFO c.z.h.HikariDataSource [main] HikariPool-1 - Starting...
2025-12-12 11:51:39,991 INFO c.z.h.p.HikariPool [main] HikariPool-1 - Added connection org.postgresql.jdbc.PgConnection@6cc8da1c
2025-12-12 11:51:39,993 INFO c.z.h.HikariDataSource [main] HikariPool-1 - Start completed.
2025-12-12 11:51:40,074 WARN o.h.e.j.d.i.DialectFactoryImpl [main] HHH90000025: PostgreSQLDialect does not need to be specified explicitly using 'hibernate.dialect' (remove the property setting and it will be selected by default)
2025-12-12 11:51:40,100 INFO o.h.e.j.e.i.JdbcEnvironmentInitiator [main] HHH10001005: Database info:
	Database JDBC URL [Connecting through datasource 'HikariDataSource (HikariPool-1)']
	Database driver: undefined/unknown
	Database version: 18.1
	Autocommit mode: undefined/unknown
	Isolation level: undefined/unknown
	Minimum pool size: undefined/unknown
	Maximum pool size: undefined/unknown
2025-12-12 11:51:41,070 INFO o.h.e.t.j.p.i.JtaPlatformInitiator [main] HHH000489: No JTA platform available (set 'hibernate.transaction.jta.platform' to enable JTA platform integration)
2025-12-12 11:51:41,182 INFO o.s.o.j.AbstractEntityManagerFactoryBean [main] Initialized JPA EntityManagerFactory for persistence unit 'default'
2025-12-12 11:51:42,370 WARN o.s.b.a.o.j.JpaBaseConfiguration$JpaWebConfiguration [main] spring.jpa.open-in-view is enabled by default. Therefore, database queries may be performed during view rendering. Explicitly configure spring.jpa.open-in-view to disable this warning
2025-12-12 11:51:42,391 WARN o.s.b.a.s.s.UserDetailsServiceAutoConfiguration [main] 

Using generated security password: ccd95922-5360-43a3-9a85-a26b70d5cb11

This generated password is for development use only. Your security configuration must be updated before running your application in production.

2025-12-12 11:51:42,401 INFO o.s.s.c.a.a.c.InitializeUserDetailsBeanManagerConfigurer$InitializeUserDetailsManagerConfigurer [main] Global AuthenticationManager configured with UserDetailsService bean with name inMemoryUserDetailsManager
2025-12-12 11:51:43,119 INFO o.a.j.l.DirectJDKLog [main] Starting ProtocolHandler ["http-nio-8080"]
2025-12-12 11:51:43,138 INFO o.s.b.w.e.t.TomcatWebServer [main] Tomcat started on port 8080 (http) with context path '/'
2025-12-12 11:51:43,150 INFO o.s.s.c.TaskSchedulerRouter [main] No TaskScheduler/ScheduledExecutorService bean found for scheduled processing
2025-12-12 11:51:43,158 INFO o.s.b.StartupInfoLogger [main] Started RefIqPlatformApplication in 7.602 seconds (process running for 9.733)
2025-12-12 11:56:45,633 INFO o.a.j.l.DirectJDKLog [tomcat-handler-0] Initializing Spring DispatcherServlet 'dispatcherServlet'
2025-12-12 11:56:45,634 INFO o.s.w.s.FrameworkServlet [tomcat-handler-0] Initializing Servlet 'dispatcherServlet'
2025-12-12 11:56:45,636 INFO o.s.w.s.FrameworkServlet [tomcat-handler-0] Completed initialization in 2 ms
2025-12-12 12:02:33,558 INFO o.s.b.w.e.t.GracefulShutdown [SpringApplicationShutdownHook] Commencing graceful shutdown. Waiting for active requests to complete
2025-12-12 12:02:33,566 INFO o.s.b.w.e.t.GracefulShutdown [tomcat-shutdown] Graceful shutdown complete
2025-12-12 12:02:33,571 INFO o.s.o.j.AbstractEntityManagerFactoryBean [SpringApplicationShutdownHook] Closing JPA EntityManagerFactory for persistence unit 'default'
2025-12-12 12:02:33,574 INFO c.z.h.HikariDataSource [SpringApplicationShutdownHook] HikariPool-1 - Shutdown initiated...
2025-12-12 12:02:33,577 INFO c.z.h.HikariDataSource [SpringApplicationShutdownHook] HikariPool-1 - Shutdown completed.
2025-12-12 12:05:03,222 INFO o.h.v.i.u.Version [background-preinit] HV000001: Hibernate Validator 8.0.3.Final
2025-12-12 12:05:03,292 INFO o.s.b.StartupInfoLogger [main] Starting RefIqPlatformApplication using Java 21.0.9 with PID 21852 (C:\Users\Windows 11\Documents\Programacion\RefIQ\platform\platform\target\classes started by Windows 11 in C:\Users\Windows 11\Documents\Programacion\RefIQ\platform)
2025-12-12 12:05:03,293 DEBUG o.s.b.StartupInfoLogger [main] Running with Spring Boot v3.4.12, Spring v6.2.14
2025-12-12 12:05:03,295 INFO o.s.b.SpringApplication [main] The following 1 profile is active: "dev"
2025-12-12 12:05:04,656 INFO o.s.d.r.c.RepositoryConfigurationDelegate [main] Bootstrapping Spring Data JPA repositories in DEFAULT mode.
2025-12-12 12:05:04,749 INFO o.s.d.r.c.RepositoryConfigurationDelegate [main] Finished Spring Data repository scanning in 77 ms. Found 1 JPA repository interface.
2025-12-12 12:05:05,758 INFO o.s.b.w.e.t.TomcatWebServer [main] Tomcat initialized with port 8080 (http)
2025-12-12 12:05:05,774 INFO o.a.j.l.DirectJDKLog [main] Initializing ProtocolHandler ["http-nio-8080"]
2025-12-12 12:05:05,779 INFO o.a.j.l.DirectJDKLog [main] Starting service [Tomcat]
2025-12-12 12:05:05,780 INFO o.a.j.l.DirectJDKLog [main] Starting Servlet engine: [Apache Tomcat/10.1.49]
2025-12-12 12:05:05,881 INFO o.a.j.l.DirectJDKLog [main] Initializing Spring embedded WebApplicationContext
2025-12-12 12:05:05,882 INFO o.s.b.w.s.c.ServletWebServerApplicationContext [main] Root WebApplicationContext: initialization completed in 2521 ms
2025-12-12 12:05:06,199 INFO o.h.j.i.u.LogHelper [main] HHH000204: Processing PersistenceUnitInfo [name: default]
2025-12-12 12:05:06,317 INFO o.h.Version [main] HHH000412: Hibernate ORM core version 6.6.36.Final
2025-12-12 12:05:06,375 INFO o.h.c.i.RegionFactoryInitiator [main] HHH000026: Second-level cache disabled
2025-12-12 12:05:06,871 INFO o.s.o.j.p.SpringPersistenceUnitInfo [main] No LoadTimeWeaver setup: ignoring JPA class transformer
2025-12-12 12:05:06,928 INFO c.z.h.HikariDataSource [main] HikariPool-1 - Starting...
2025-12-12 12:05:07,286 INFO c.z.h.p.HikariPool [main] HikariPool-1 - Added connection org.postgresql.jdbc.PgConnection@6cc8da1c
2025-12-12 12:05:07,289 INFO c.z.h.HikariDataSource [main] HikariPool-1 - Start completed.
2025-12-12 12:05:07,350 WARN o.h.e.j.d.i.DialectFactoryImpl [main] HHH90000025: PostgreSQLDialect does not need to be specified explicitly using 'hibernate.dialect' (remove the property setting and it will be selected by default)
2025-12-12 12:05:07,381 INFO o.h.e.j.e.i.JdbcEnvironmentInitiator [main] HHH10001005: Database info:
	Database JDBC URL [Connecting through datasource 'HikariDataSource (HikariPool-1)']
	Database driver: undefined/unknown
	Database version: 18.1
	Autocommit mode: undefined/unknown
	Isolation level: undefined/unknown
	Minimum pool size: undefined/unknown
	Maximum pool size: undefined/unknown
2025-12-12 12:05:08,489 INFO o.h.e.t.j.p.i.JtaPlatformInitiator [main] HHH000489: No JTA platform available (set 'hibernate.transaction.jta.platform' to enable JTA platform integration)
2025-12-12 12:05:08,568 INFO o.s.o.j.AbstractEntityManagerFactoryBean [main] Initialized JPA EntityManagerFactory for persistence unit 'default'
2025-12-12 12:05:09,861 WARN o.s.b.a.o.j.JpaBaseConfiguration$JpaWebConfiguration [main] spring.jpa.open-in-view is enabled by default. Therefore, database queries may be performed during view rendering. Explicitly configure spring.jpa.open-in-view to disable this warning
2025-12-12 12:05:09,885 WARN o.s.b.a.s.s.UserDetailsServiceAutoConfiguration [main] 

Using generated security password: c7b544e0-6007-4741-8484-380322049021

This generated password is for development use only. Your security configuration must be updated before running your application in production.

2025-12-12 12:05:09,894 INFO o.s.s.c.a.a.c.InitializeUserDetailsBeanManagerConfigurer$InitializeUserDetailsManagerConfigurer [main] Global AuthenticationManager configured with UserDetailsService bean with name inMemoryUserDetailsManager
2025-12-12 12:05:10,645 INFO o.a.j.l.DirectJDKLog [main] Starting ProtocolHandler ["http-nio-8080"]
2025-12-12 12:05:10,668 INFO o.s.b.w.e.t.TomcatWebServer [main] Tomcat started on port 8080 (http) with context path '/'
2025-12-12 12:05:10,682 INFO o.s.s.c.TaskSchedulerRouter [main] No TaskScheduler/ScheduledExecutorService bean found for scheduled processing
2025-12-12 12:05:10,691 INFO o.s.b.StartupInfoLogger [main] Started RefIqPlatformApplication in 8.351 seconds (process running for 9.025)
2025-12-12 12:05:13,076 INFO o.a.j.l.DirectJDKLog [tomcat-handler-0] Initializing Spring DispatcherServlet 'dispatcherServlet'
2025-12-12 12:05:13,076 INFO o.s.w.s.FrameworkServlet [tomcat-handler-0] Initializing Servlet 'dispatcherServlet'
2025-12-12 12:05:13,077 INFO o.s.w.s.FrameworkServlet [tomcat-handler-0] Completed initialization in 1 ms
2025-12-12 12:05:13,194 DEBUG c.r.p.i.i.s.IngestionService [tomcat-handler-0] Iniciando orquestación de ingesta para archivo: test.csv (1753 bytes)
2025-12-12 12:05:13,602 DEBUG c.r.p.i.i.a.s.S3StorageAdapter [tomcat-handler-0] Subida a S3 exitosa: refiq-clinical-data-dev/ddaa13c4-b0bb-4444-bfc8-b50f663ae14d-test.csv
2025-12-12 12:05:13,604 INFO c.r.p.s.o.Loggable [tomcat-handler-0] Archivo subido correctamente a S3. ID: ddaa13c4-b0bb-4444-bfc8-b50f663ae14d, Key: ddaa13c4-b0bb-4444-bfc8-b50f663ae14d-test.csv
2025-12-12 12:14:45,770 INFO o.s.b.w.e.t.GracefulShutdown [SpringApplicationShutdownHook] Commencing graceful shutdown. Waiting for active requests to complete
2025-12-12 12:14:45,778 INFO o.s.b.w.e.t.GracefulShutdown [tomcat-shutdown] Graceful shutdown complete
2025-12-12 12:14:45,782 INFO o.s.o.j.AbstractEntityManagerFactoryBean [SpringApplicationShutdownHook] Closing JPA EntityManagerFactory for persistence unit 'default'
2025-12-12 12:14:45,784 INFO c.z.h.HikariDataSource [SpringApplicationShutdownHook] HikariPool-1 - Shutdown initiated...
2025-12-12 12:14:45,787 INFO c.z.h.HikariDataSource [SpringApplicationShutdownHook] HikariPool-1 - Shutdown completed.
